Command: C:\Espressif\tools\python\v6.0\venv\Scripts\python.exe C:\esp\v6.0\esp-idf\tools/idf_monitor.py -p COM7 -b 115200 --toolchain-prefix xtensa-esp32-elf- --target esp32 --revision 0 C:\Users\chhab\iot-project\smart-classroom-project\blink_test\build\blink_test.elf C:\Users\chhab\iot-project\smart-classroom-project\blink_test\build\bootloader\bootloader.elf --force-color -m 'C:\Espressif\tools\python\v6.0\venv\Scripts\python.exe' 'C:\esp\v6.0\esp-idf\tools\idf.py'
PI_FAST_FLASH_BOOT)
configsip: 0, SPIWP:0xee
clk_drv:0x00,qets Jul 29 2019 12:21:46

rst:0x1 (POWERON_RESET),boot:0x13 (SPI_FAST_FLASH_BOOT)
configsip: 0, SPIWP:0xee
clk_drv:0x00,q_drv:0x00,d_drv:0x00,cs0_drv:0x00,hd_drv:0x00,wp_drv:0x00
mode:DIO, clock div:2
load:0x3fff0040,len:6272
load:0x40078000,len:15848
load:0x40080400,len:3920
entry 0x40080644
[0;32mI (27) boot: ESP-IDF v6.0 2nd stage bootloader[0m
[0;32mI (27) boot: compile time Apr 16 2026 14:19:44[0m
[0;32mI (28) boot: Multicore bootloader[0m
[0;32mI (29) boot: chip revision: v3.0[0m
[0;32mI (31) boot.esp32: SPI Speed      : 40MHz[0m
[0;32mI (35) boot.esp32: SPI Mode       : DIO[0m
[0;32mI (39) boot.esp32: SPI Flash Size : 2MB[0m
[0;32mI (42) boot: Enabling RNG early entropy source...[0m
[0;32mI (47) boot: Partition Table:[0m
[0;32mI (49) boot: ## Label            Usage          Type ST Offset   Length[0m
[0;32mI (56) boot:  0 nvs              WiFi data        01 02 00009000 00006000[0m
[0;32mI (62) boot:  1 phy_init         RF data          01 01 0000f000 00001000[0m
[0;32mI (69) boot:  2 factory          factory app      00 00 00010000 00100000[0m
[0;32mI (75) boot: End of partition table[0m
[0;32mI (79) esp_image: segment 0: paddr=00010020 vaddr=3f400020 size=08aa8h ( 35496) map[0m
[0;32mI (99) esp_image: segment 1: paddr=00018ad0 vaddr=3ffb0000 size=02a2ch ( 10796) load[0m
[0;32mI (103) esp_image: segment 2: paddr=0001b504 vaddr=40080000 size=04b14h ( 19220) load[0m
[0;32mI (111) esp_image: segment 3: paddr=00020020 vaddr=400d0020 size=0cb80h ( 52096) map[0m
[0;32mI (130) esp_image: segment 4: paddr=0002cba8 vaddr=40084b14 size=0607ch ( 24700) load[0m
[0;32mI (140) esp_image: segment 5: paddr=00032c2c vaddr=50000000 size=00028h (    40) load[0m
[0;32mI (146) boot: Loaded app from partition at offset 0x10000[0m
[0;32mI (146) boot: Disabling RNG early entropy source...[0m
[0;32mI (158) cpu_start: Multicore app[0m
[0;32mI (167) cpu_start: GPIO 3 and 1 are used as console UART I/O pins[0m
[0;32mI (167) cpu_start: Pro cpu start user code[0m
[0;32mI (167) cpu_start: cpu freq: 160000000 Hz[0m
[0;32mI (169) app_init: Application information:[0m
[0;32mI (173) app_init: Project name:     blink_test[0m
[0;32mI (177) app_init: App version:      a6d6d4e[0m
[0;32mI (181) app_init: Compile time:     Apr 16 2026 14:19:22[0m
[0;32mI (186) app_init: ELF file SHA256:  3980c98d7...[0m
[0;32mI (190) app_init: ESP-IDF:          v6.0[0m
[0;32mI (194) efuse_init: Min chip rev:     v0.0[0m
[0;32mI (197) efuse_init: Max chip rev:     v3.99 [0m
[0;32mI (201) efuse_init: Chip rev:         v3.0[0m
[0;32mI (206) heap_init: Initializing. RAM available for dynamic allocation:[0m
[0;32mI (212) heap_init: At 3FFAE6E0 len 00001920 (6 KiB): DRAM[0m
[0;32mI (217) heap_init: At 3FFB33D0 len 0002CC30 (179 KiB): DRAM[0m
[0;32mI (222) heap_init: At 3FFE0440 len 00003AE0 (14 KiB): D/IRAM[0m
[0;32mI (227) heap_init: At 3FFE4350 len 0001BCB0 (111 KiB): D/IRAM[0m
[0;32mI (233) heap_init: At 4008AB90 len 00015470 (85 KiB): IRAM[0m
[0;32mI (240) spi_flash: detected chip: generic[0m
[0;32mI (242) spi_flash: flash io: dio[0m
[0;33mW (245) spi_flash: Detected size(4096k) larger than the size in the binary image header(2048k). Using the size in the binary image header.[0m
[0;32mI (258) main_task: Started on CPU0[0m
[0;32mI (268) main_task: Calling app_main()[0m
[0;32mI (268) BLINK_EXAMPLE: Configuring GPIO Pin 2 as Output[0m
[0;32mI (268) BLINK_EXAMPLE: Turning the LED OFF![0m
[0;32mI (1268) BLINK_EXAMPLE: Turning the LED ON![0m
[0;32mI (2268) BLINK_EXAMPLE: Turning the LED OFF![0m
[0;32mI (3268) BLINK_EXAMPLE: Turning the LED ON![0m
[0;32mI (4268) BLINK_EXAMPLE: Turning the LED OFF![0m
[0;32mI (5268) BLINK_EXAMPLE: Turning the LED ON![0m
[0;32mI (6268) BLINK_EXAMPLE: Turning the LED OFF![0m
[0;32mI (7268) BLINK_EXAMPLE: Turning the LED ON![0m
[0;32mI (8268) BLINK_EXAMPLE: Turning the LED OFF![0m
[0;32mI (9268) BLINK_EXAMPLE: Turning the LED ON![0m
[0;32mI (10268) BLINK_EXAMPLE: Turning the LED OFF![0m
[0;32mI (11268) BLINK_EXAMPLE: Turning the LED ON![0m
[0;32mI (12268) BLINK_EXAMPLE: Turning the LED OFF![0m
[0;32mI (13268) BLINK_EXAMPLE: Turning the LED ON![0m
[0;32mI (14268) BLINK_EXAMPLE: Turning the LED OFF![0m
[0;32mI (15268) BLINK_EXAMPLE: Turning the LED ON![0m
[0;32mI (16268) BLINK_EXAMPLE: Turning the LED OFF![0m
[0;32mI (17268) BLINK_EXAMPLE: Turning the LED ON![0m
[0;32mI (18268) BLINK_EXAMPLE: Turning the LED OFF![0m
[0;32mI (19268) BLINK_EXAMPLE: Turning the LED ON![0m
[0;32mI (20268) BLINK_EXAMPLE: Turning the LED OFF![0m
[0;32mI (21268) BLINK_EXAMPLE: Turning the LED ON![0m
[0;32mI (22268) BLINK_EXAMPLE: Turning the LED OFF![0m
[0;32mI (23268) BLINK_EXAMPLE: Turning the LED ON![0m
[0;32mI (24268) BLINK_EXAMPLE: Turning the LED OFF![0m
[0;32mI (25268) BLINK_EXAMPLE: Turning the LED ON![0m
[0;32mI (26268) BLINK_EXAMPLE: Turning the LED OFF![0m
[0;32mI (27268) BLINK_EXAMPLE: Turning the LED ON![0m
[0;32mI (28268) BLINK_EXAMPLE: Turning the LED OFF![0m
[0;32mI (29268) BLINK_EXAMPLE: Turning the LED ON![0m
[0;32mI (30268) BLINK_EXAMPLE: Turning the LED OFF![0m
[0;32mI (31268) BLINK_EXAMPLE: Turning the LED ON![0m
[0;32mI (32268) BLINK_EXAMPLE: Turning the LED OFF![0m
[0;32mI (33268) BLINK_EXAMPLE: Turning the LED ON![0m
[0;32mI (34268) BLINK_EXAMPLE: Turning the LED OFF![0m
[0;32mI (35268) BLINK_EXAMPLE: Turning the LED ON![0m
[0;32mI (36268) BLINK_EXAMPLE: Turning the LED OFF![0m
[0;32mI (37268) BLINK_EXAMPLE: Turning the LED ON![0m
[0;32mI (38268) BLINK_EXAMPLE: Turning the LED OFF![0m
[0;32mI (39268) BLINK_EXAMPLE: Turning the LED ON![0m
[0;32mI (40268) BLINK_EXAMPLE: Turning the LED OFF![0m
[0;32mI (41268) BLINK_EXAMPLE: Turning the LED ON![0m
[0;32mI (42268) BLINK_EXAMPLE: Turning the LED OFF![0m
[0;32mI (43268) BLINK_EXAMPLE: Turning the LED ON![0m
[0;32mI (44268) BLINK_EXAMPLE: Turning the LED OFF![0m
[0;32mI (45268) BLINK_EXAMPLE: Turning the LED ON![0m
[0;32mI (46268) BLINK_EXAMPLE: Turning the LED OFF![0m
[0;32mI (47268) BLINK_EXAMPLE: Turning the LED ON![0m
[0;32mI (48268) BLINK_EXAMPLE: Turning the LED OFF![0m
[0;32mI (49268) BLINK_EXAMPLE: Turning the LED ON![0m
[0;32mI (50268) BLINK_EXAMPLE: Turning the LED OFF![0m
[0;32mI (51268) BLINK_EXAMPLE: Turning the LED ON![0m
[0;32mI (52268) BLINK_EXAMPLE: Turning the LED OFF![0m
[0;32mI (53268) BLINK_EXAMPLE: Turning the LED ON![0m
[0;32mI (54268) BLINK_EXAMPLE: Turning the LED OFF![0m
[0;32mI (55268) BLINK_EXAMPLE: Turning the LED ON![0m
[0;32mI (56268) BLINK_EXAMPLE: Turning the LED OFF![0m
